// Jest Snapshot v1, https://goo.gl/fbAQLP

exports[`Tag component Matches the snapshot 1`] = `
<span
  className="ssb-tag "
  onClick={[Function]}
>
  Tag
</span>
`;
