// Jest Snapshot v1, https://goo.gl/fbAQLP

exports[`Dropdown component Matches the snapshot 1`] = `
<div
  className="ssb-dropdown"
>
  <label
    htmlFor={1}
  >
    Menu header
  </label>
  <div
    className="dropdown-interactive-area"
    onKeyDown={[Function]}
  >
    <button
      aria-label="open or close dropdown"
      onClick={[Function]}
      onKeyDown={[Function]}
    >
      <input
        className=""
        disabled={true}
        id={1}
        onChange={[Function]}
        onKeyDown={[Function]}
        placeholder="-- Select --"
        value=""
      />
      <ChevronDown
        className="dd-icon"
        color="currentColor"
        size={24}
      />
    </button>
  </div>
</div>
`;
