// Jest Snapshot v1, https://goo.gl/fbAQLP

exports[`Paragraph component Matches the snapshot 1`] = `
<p
  className="ssb-paragraph"
>
  Paragraph
</p>
`;
