// Jest Snapshot v1, https://goo.gl/fbAQLP

exports[`Card component Matches the snapshot 1`] = `
<div
  className="ssb-card"
>
  <a
    className="clickable top-orientation"
  >
    <div
      className="card-content"
    >
      ProfileBox
      <ArrowRight
        className="arrow-icon"
        color="currentColor"
        size={22}
      />
    </div>
  </a>
</div>
`;
