// Jest Snapshot v1, https://goo.gl/fbAQLP

exports[`Quote component Matches the snapshot 1`] = `
<span
  className="ssb-quote"
>
  «Quote»
</span>
`;
