// Jest Snapshot v1, https://goo.gl/fbAQLP

exports[`Highlight component Matches the snapshot 1`] = `
<mark
  className="ssb-mark"
>
  «Highlight»
</mark>
`;
