// Jest Snapshot v1, https://goo.gl/fbAQLP

exports[`ImageLink component Matches the snapshot 1`] = `
<a
  className="ssb-picture-card vertical "
  onClick={[Function]}
>
  <div
    className="image-background"
  >
    <img
      alt=""
    />
  </div>
  <div
    className="overlay"
  >
    <span
      className="il-type"
    >
      Type
    </span>
    <span
      className="il-title"
    >
      Tittel
    </span>
    <ArrowRight
      className="arrow-icon"
      color="currentColor"
      size={32}
    />
  </div>
</a>
`;
